SDPA_prepare:fwd	op_name	OP::SDPA_prepare:fwd	2D	nvte_fused_attn_fwd
SDPA_fmha:fwd	op_name	OP::SDPA_fmha:fwd	2D:1D	nvte_fused_attn_fwd
SDPA_prepare:bwd	op_name	OP::SDPA_prepare:bwd	2D	nvte_fused_attn_bwd
SDPA_fmha:bwd	op_name	OP::SDPA_fmha:bwd	2D:1D	nvte_fused_attn_bwd
nvte::layernorm1p_fwd	op_name	OP::layer_norm1p:fwd	1D
nvte::layernorm1p_bwd	op_name	OP::layer_norm1p:bwd	1D
nvte::layernorm_fwd	op_name	OP::layer_norm:fwd	1D
nvte::layernorm_bwd	op_name	OP::layer_norm:bwd	1D
nvte::gelu	op_name	OP::triton__0d1d2d3d	SFU
nvte::dgelu	op_name	OP::triton__0d1d2d3d4d;OP::triton__0d1d2d3d;OP::triton__0d1d2d3d	SFU
nvte::cublas_gemm	op_name	OP::nvGemm	2D
nvte::rmsnorm_fwd	op_name	OP::rmsnorm:fwd	1D
nvte::rmsnorm_bwd	op_name	OP::rmsnorm:bwd	1D
flash_attn_fwd	op_name	OP::flash_attn:fwd	2D:1D
flash_attn_bwd	op_name	OP::flash_attn:bwd	2D:1D
nvte::rope_fwd	op_name	OP::rope:fwd	1D
nvte::rope_bwd	op_name	OP::rope:bwd	1D
megatron::scaled_upper_triang_masked_softmax_fwd	op_name	OP::scaled_upper_triang_masked_softmax:fwd	1D
megatron::scaled_upper_triang_masked_softmax_bwd	op_name	OP::scaled_upper_triang_masked_softmax:bwd	1D
aten::zero_	op_name	aten::fill_	None
aten::fill_	op_name	OP::Fill	DMA
aten::full	op_name	aten::fill_	None
aten::zeros	op_name	aten::zero_	None
aten::to	op_name	aten::_to_copy	None
aten::_to_copy	op_name	aten::copy_	None
aten::copy_	op_name	OP::Memcpy	DMA
aten::lt	op_name	OP::compare_scalar	1D
aten::ge	op_name	OP::compare_scalar	1D
aten::__or__	op_name	aten::bitwise_or	None
aten::bitwise_or	op_name	OP::BitwiseOr	1D
aten::clone	op_name	aten::copy_	None
aten::sub	op_name	OP::OnSelf_add,OP::Add	1D
aten::index_put_	op_name	aten::_index_put_impl_	None
aten::_index_put_impl_	op_name	aten::masked_fill_	None
aten::masked_fill_	op_name	OP::masked_fill	1D:DMA
aten::embedding	op_name	aten::index_select	1D
aten::index_select	op_name	OP::index_select:fwd	1D
aten::add	op_name	OP::Add	1D
aten::arange	op_name	OP::arange_cuda_out	1D
aten::matmul	op_name	aten::mm	None
aten::multi	op_name	aten::multi	None
aten::mm	op_name	OP::Gemm	2D
aten::max	op_name	OP::Reduce:Max	1D
aten::index	op_name	OP::index_kernel_impl	1D
aten::exp	op_name	OP::exp_kernel_cuda	SFU
aten::sum	op_name	OP::Reduce:Sum;OP::Sum:Reduce	1D
aten::log	op_name	OP::log_kernel_cuda	SFU
aten::div_	op_name	OP::Div	1D
aten::mul	op_name	OP::Mul	1D
aten::div	op_name	OP::Div	1D
aten::cat	op_name	OP::Memcpy,OP::CatArrayBatchedCopy	1D
aten::ones_like	op_name	aten::fill_	None
aten::rsub	op_name	aten::sub	None
aten::sub_	op_name	OP::Add	1D
aten::mul_	op_name	OP::Mul	1D
aten::add_	op_name	OP::Add	1D
aten::embedding_backward	op_name	aten::embedding_dense_backward	None
aten::embedding_dense_backward	op_name	OP::index_select:bwd	1D
aten::index_put	op_name	aten::index_put_	1D
aten::concat	op_name	aten::cat	1D
aten::mean	op_name	OP::Reduce:Mean	1D
aten::flatten_dense_tensors	op_name	aten::cat	1D
aten::linalg_norm	op_name	aten::linalg_vector_norm	1D
aten::linalg_vector_norm	op_name	OP::Reduce:NormTwo	1D
aten::pow	op_name	OP::pow_tensor_scalar_kernel_impl	SFU
aten::sqrt	op_name	OP::sqrt_kernel_cuda	SFU
aten::reciprocal	op_name	OP::reciprocal_kernel_cuda	1D
aten::clamp	op_name	OP::launch_clamp_scalar	1D
aten::_foreach_mul_	op_name	OP::multi:BinaryOpScalar:Mul	1D
aten::_foreach_add_	op_name	OP::multi:BinaryOpListAlpha:Add	1D
aten::_foreach_addcmul_	op_name	OP::multi:PointwiseOpScalar:Mul	1D
aten::_foreach_sqrt	op_name	OP::multi:UnaryOp:Sqrt	1D
aten::_foreach_div_	op_name	OP::multi:BinaryOpScalarList:Div	1D
aten::_foreach_add	op_name	OP::multi:BinaryOpScalar:Add	1D
aten::_foreach_addcdiv_	op_name	OP::multi:PointwiseOpScalarList:Div	1D
aten::item	op_name	aten::_local_scalar_dense	1D
aten::_local_scalar_dense	op_name	OP::Memcpy	DMA
aten::empty	op_name	None	None
aten::empty_strided	op_name	None	None
aten::empty_like	op_name	None	None
aten::slice	op_name	None	None
aten::view	op_name	None	None
aten::detach	op_name	None	None
aten::squeeze	op_name	None	None
aten::as_strided	op_name	None	None
aten::unflatten_dense_tensors	op_name	None	None
aten::split	op_name	None	None
aten::select	op_name	None	None
aten::reshape	op_name	None	None
aten::narrow	op_name	None	None
aten::resize_	op_name	None	None
aten::expand	op_name	None	None
aten::new_empty_strided	op_name	None	None
aten::t	op_name	None	None
aten::transpose	op_name	None	None
aten::unsqueeze	op_name	None	None
aten::view_as	op_name	None	None
aten::set_	op_name	None	None
aten::_unsafe_view	op_name	None	None
aten::lift_fresh	op_name	None	None
aten::detach_	op_name	None	None
aten::dropout	op_name	OP::kernel1;OP::dropout:fwd	RNG	bias_dropout_add_fused_train_
aten::result_type	op_name	None	None
aten::select_backward	op_name	None	None
aten::slice_backward	op_name	None	None
aten::split_with_sizes	op_name	None	None
aten::native_dropout_backward	op_name	OP::kernel2::dropout:bwd	RNG
aten::_fused_adam_	op_name	OP::multi:DistAdam	1D
aten::cross_entropy_loss	op_name	None	None
aten::nll_loss_backward	op_name	None	None
aten::_log_softmax_backward_data	op_name	None	None
aten::softmax_forward	op_name	OP::softmax:fwd	None
aten::softmax_backward	op_name	OP::softmax:bwd	None
nccl::all_reduce	op_name	OP::AllReduce	None
nccl::all_gather	op_name	OP::AllGather	None
nccl::broadcast	op_name	OP::Broadcast	None
nccl::reduce_scatter	op_name	OP::ReduceScatter	None
nccl::send_recv	op_name	OP::SendRecv	None